// Jest Snapshot v1, https://goo.gl/fbAQLP

exports[`LaunchList when there are launches renders a list of launches 1`] = `
<DocumentFragment>
  <div
    class="LaunchList-launchList-6 launchList"
  >
    <div
      class="LaunchList-timeline-7 timeline"
    />
    <div
      class="LaunchList-launchItem-8 launchItem"
    >
      <div
        class="Launch-launch-9"
      >
        <div
          class="MuiPaper-root MuiPaper-elevation1 LaunchStatus-status-12 LaunchStatus-success-15 MuiPaper-rounded"
        >
          <svg
            aria-hidden="true"
            class="MuiSvgIcon-root LaunchStatus-statusIcon-13"
            focusable="false"
            role="presentation"
            viewBox="0 0 24 24"
          >
            <path
              d="M0 0h24v24H0V0z"
              fill="none"
            />
            <path
              d="M12 2C6.48 2 2 6.48 2 12s4.48 10 10 10 10-4.48 10-10S17.52 2 12 2zM8 17.5c-1.38 0-2.5-1.12-2.5-2.5s1.12-2.5 2.5-2.5 2.5 1.12 2.5 2.5-1.12 2.5-2.5 2.5zM9.5 8c0-1.38 1.12-2.5 2.5-2.5s2.5 1.12 2.5 2.5-1.12 2.5-2.5 2.5S9.5 9.38 9.5 8zm6.5 9.5c-1.38 0-2.5-1.12-2.5-2.5s1.12-2.5 2.5-2.5 2.5 1.12 2.5 2.5-1.12 2.5-2.5 2.5z"
            />
          </svg>
        </div>
        <div
          class="Launch-connector-11"
        />
        <div
          class="MuiPaper-root MuiPaper-elevation1 MuiCard-root Launch-launchInfo-10 MuiPaper-rounded"
        >
          <div
            class="MuiCardHeader-root"
          >
            <div
              class="MuiCardHeader-content"
            >
              <span
                class="MuiTypography-root MuiCardHeader-title MuiTypography-h5 MuiTypography-displayBlock"
              >
                Test
              </span>
              <span
                class="MuiTypography-root MuiCardHeader-subheader MuiTypography-body1 MuiTypography-colorTextSecondary MuiTypography-displayBlock"
              >
                <span>
                  Tue, 01 Jan 2019 00:00:00 GMT
                </span>
              </span>
            </div>
          </div>
          <div
            class="MuiCardContent-root"
          >
            <p
              class="MuiTypography-root MuiTypography-body1 MuiTypography-gutterBottom"
            >
              Details
            </p>
            <p
              class="MuiTypography-root MuiTypography-body1 MuiTypography-colorTextSecondary"
            >
              ID: id1
            </p>
          </div>
          <div
            class="MuiCardActions-root MuiCardActions-spacing"
          >
            <a
              aria-disabled="false"
              class="MuiButtonBase-root MuiButton-root MuiButton-text MuiButton-textPrimary MuiButton-sizeSmall"
              href="/launches/1"
              role="button"
              tabindex="0"
            >
              <span
                class="MuiButton-label"
              >
                explore
              </span>
              <span
                class="MuiTouchRipple-root"
              />
            </a>
          </div>
        </div>
      </div>
    </div>
    <div
      class="LaunchList-launchItem-8 launchItem"
    >
      <div
        class="Launch-launch-9"
      >
        <div
          class="MuiPaper-root MuiPaper-elevation1 LaunchStatus-status-12 LaunchStatus-success-15 MuiPaper-rounded"
        >
          <svg
            aria-hidden="true"
            class="MuiSvgIcon-root LaunchStatus-statusIcon-13"
            focusable="false"
            role="presentation"
            viewBox="0 0 24 24"
          >
            <path
              d="M0 0h24v24H0V0z"
              fill="none"
            />
            <path
              d="M12 2C6.48 2 2 6.48 2 12s4.48 10 10 10 10-4.48 10-10S17.52 2 12 2zM8 17.5c-1.38 0-2.5-1.12-2.5-2.5s1.12-2.5 2.5-2.5 2.5 1.12 2.5 2.5-1.12 2.5-2.5 2.5zM9.5 8c0-1.38 1.12-2.5 2.5-2.5s2.5 1.12 2.5 2.5-1.12 2.5-2.5 2.5S9.5 9.38 9.5 8zm6.5 9.5c-1.38 0-2.5-1.12-2.5-2.5s1.12-2.5 2.5-2.5 2.5 1.12 2.5 2.5-1.12 2.5-2.5 2.5z"
            />
          </svg>
        </div>
        <div
          class="Launch-connector-11"
        />
        <div
          class="MuiPaper-root MuiPaper-elevation1 MuiCard-root Launch-launchInfo-10 MuiPaper-rounded"
        >
          <div
            class="MuiCardHeader-root"
          >
            <div
              class="MuiCardHeader-content"
            >
              <span
                class="MuiTypography-root MuiCardHeader-title MuiTypography-h5 MuiTypography-displayBlock"
              >
                Test
              </span>
              <span
                class="MuiTypography-root MuiCardHeader-subheader MuiTypography-body1 MuiTypography-colorTextSecondary MuiTypography-displayBlock"
              >
                <span>
                  Tue, 01 Jan 2019 00:00:00 GMT
                </span>
              </span>
            </div>
          </div>
          <div
            class="MuiCardContent-root"
          >
            <p
              class="MuiTypography-root MuiTypography-body1 MuiTypography-gutterBottom"
            >
              Details
            </p>
            <p
              class="MuiTypography-root MuiTypography-body1 MuiTypography-colorTextSecondary"
            >
              ID: id1
            </p>
          </div>
          <div
            class="MuiCardActions-root MuiCardActions-spacing"
          >
            <a
              aria-disabled="false"
              class="MuiButtonBase-root MuiButton-root MuiButton-text MuiButton-textPrimary MuiButton-sizeSmall"
              href="/launches/2"
              role="button"
              tabindex="0"
            >
              <span
                class="MuiButton-label"
              >
                explore
              </span>
              <span
                class="MuiTouchRipple-root"
              />
            </a>
          </div>
        </div>
      </div>
    </div>
  </div>
</DocumentFragment>
`;

exports[`LaunchList when there are no launches renders a message 1`] = `
<DocumentFragment>
  <div
    class="Image-imageWrapper-4"
  >
    <img
      alt="No launches..."
      class="Image-image-5"
      src="emptyList.png"
    />
  </div>
</DocumentFragment>
`;
