// Jest Snapshot v1, https://goo.gl/fbAQLP

exports[`StatusFilter renders status filters 1`] = `
<DocumentFragment>
  <fieldset
    class="MuiFormControl-root"
  >
    <legend
      class="MuiFormLabel-root"
    >
      Show launches
    </legend>
    <div
      class="MuiFormGroup-root MuiFormGroup-row"
    >
      <label
        class="MuiFormControlLabel-root"
      >
        <span
          class="MuiSwitch-root"
        >
          <span
            aria-disabled="false"
            class="MuiButtonBase-root MuiIconButton-root PrivateSwitchBase-root-32 MuiSwitch-switchBase MuiSwitch-colorSecondary PrivateSwitchBase-checked-33 Mui-checked"
          >
            <span
              class="MuiIconButton-label"
            >
              <span
                class="MuiSwitch-thumb"
              />
              <input
                checked=""
                class="PrivateSwitchBase-input-35 MuiSwitch-input"
                type="checkbox"
                value="showFailed"
              />
            </span>
            <span
              class="MuiTouchRipple-root"
            />
          </span>
          <span
            class="MuiSwitch-track"
          />
        </span>
        <span
          class="MuiTypography-root MuiFormControlLabel-label MuiTypography-body1"
        >
          Failed
        </span>
      </label>
      <label
        class="MuiFormControlLabel-root"
      >
        <span
          class="MuiSwitch-root"
        >
          <span
            aria-disabled="false"
            class="MuiButtonBase-root MuiIconButton-root PrivateSwitchBase-root-32 MuiSwitch-switchBase MuiSwitch-colorSecondary PrivateSwitchBase-checked-33 Mui-checked"
          >
            <span
              class="MuiIconButton-label"
            >
              <span
                class="MuiSwitch-thumb"
              />
              <input
                checked=""
                class="PrivateSwitchBase-input-35 MuiSwitch-input"
                type="checkbox"
                value="showSuccessful"
              />
            </span>
            <span
              class="MuiTouchRipple-root"
            />
          </span>
          <span
            class="MuiSwitch-track"
          />
        </span>
        <span
          class="MuiTypography-root MuiFormControlLabel-label MuiTypography-body1"
        >
          Successful
        </span>
      </label>
      <label
        class="MuiFormControlLabel-root"
      >
        <span
          class="MuiSwitch-root"
        >
          <span
            aria-disabled="false"
            class="MuiButtonBase-root MuiIconButton-root PrivateSwitchBase-root-32 MuiSwitch-switchBase MuiSwitch-colorSecondary PrivateSwitchBase-checked-33 Mui-checked"
          >
            <span
              class="MuiIconButton-label"
            >
              <span
                class="MuiSwitch-thumb"
              />
              <input
                checked=""
                class="PrivateSwitchBase-input-35 MuiSwitch-input"
                type="checkbox"
                value="showUpcoming"
              />
            </span>
            <span
              class="MuiTouchRipple-root"
            />
          </span>
          <span
            class="MuiSwitch-track"
          />
        </span>
        <span
          class="MuiTypography-root MuiFormControlLabel-label MuiTypography-body1"
        >
          Upcoming
        </span>
      </label>
    </div>
  </fieldset>
</DocumentFragment>
`;
