// Jest Snapshot v1, https://goo.gl/fbAQLP

exports[`Loader renders a loader 1`] = `
<div
  className="root"
>
  <WithStyles(CircularProgress) />
</div>
`;
