// Jest Snapshot v1, https://goo.gl/fbAQLP

exports[`NotFound renders 1`] = `
<WithStyles(Image)
  alt="Not found"
  src="notFound.png"
/>
`;
